nohup: ignoring input

  .   ____          _            __ _ _
 /\\ / ___'_ __ _ _(_)_ __  __ _ \ \ \ \
( ( )\___ | '_ | '_| | '_ \/ _` | \ \ \ \
 \\/  ___)| |_)| | | | | || (_| |  ) ) ) )
  '  |____| .__|_| |_|_| |_\__, | / / / /
 =========|_|==============|___/=/_/_/_/

 :: Spring Boot ::                (v4.1.0)

2026-07-21T15:52:39.810+09:00  INFO 21604 --- [           main] com.youngkke.careon.CareonApplication    : Starting CareonApplication v0.0.1-SNAPSHOT using Java 25.0.2 with PID 21604 (C:\careon-backend\build\libs\careon-0.0.1-SNAPSHOT.jar started by dyund in C:\careon-backend)
2026-07-21T15:52:39.813+09:00  INFO 21604 --- [           main] com.youngkke.careon.CareonApplication    : No active profile set, falling back to 1 default profile: "default"
2026-07-21T15:52:41.038+09:00  INFO 21604 --- [           main] .s.d.r.c.RepositoryConfigurationDelegate : Bootstrapping Spring Data JPA repositories in DEFAULT mode.
2026-07-21T15:52:41.147+09:00  INFO 21604 --- [           main] .s.d.r.c.RepositoryConfigurationDelegate : Finished Spring Data repository scanning in 96 ms. Found 12 JPA repository interfaces.
2026-07-21T15:52:42.243+09:00  INFO 21604 --- [           main] o.s.boot.tomcat.TomcatWebServer          : Tomcat initialized with port 8080 (http)
2026-07-21T15:52:42.277+09:00  INFO 21604 --- [           main] o.apache.catalina.core.StandardService   : Starting service [Tomcat]
2026-07-21T15:52:42.278+09:00  INFO 21604 --- [           main] o.apache.catalina.core.StandardEngine    : Starting Servlet engine: [Apache Tomcat/11.0.22]
2026-07-21T15:52:42.341+09:00  INFO 21604 --- [           main] b.w.c.s.WebApplicationContextInitializer : Root WebApplicationContext: initialization completed in 2429 ms
2026-07-21T15:52:42.486+09:00  WARN 21604 --- [           main] ConfigServletWebServerApplicationContext : Exception encountered during context initialization - cancelling refresh attempt: org.springframework.beans.factory.BeanCreationException: Error creating bean with name 'entityManagerFactory' defined in class path resource [org/springframework/boot/hibernate/autoconfigure/HibernateJpaConfiguration.class]: Failed to initialize dependency 'dataSourceScriptDatabaseInitializer' of LoadTimeWeaverAware bean 'entityManagerFactory': Error creating bean with name 'dataSourceScriptDatabaseInitializer' defined in class path resource [org/springframework/boot/jdbc/autoconfigure/DataSourceInitializationAutoConfiguration.class]: Unsatisfied dependency expressed through method 'dataSourceScriptDatabaseInitializer' parameter 0: Error creating bean with name 'dataSource' defined in class path resource [org/springframework/boot/jdbc/autoconfigure/DataSourceConfiguration$Hikari.class]: Failed to instantiate [com.zaxxer.hikari.HikariDataSource]: Factory method 'dataSource' threw exception with message: Failed to determine a suitable driver class
2026-07-21T15:52:42.492+09:00  INFO 21604 --- [           main] o.apache.catalina.core.StandardService   : Stopping service [Tomcat]
2026-07-21T15:52:42.526+09:00  INFO 21604 --- [           main] .s.b.a.l.ConditionEvaluationReportLogger : 

Error starting ApplicationContext. To display the condition evaluation report re-run your application with 'debug' enabled.
2026-07-21T15:52:42.552+09:00 ERROR 21604 --- [           main] o.s.b.d.LoggingFailureAnalysisReporter   : 

***************************
APPLICATION FAILED TO START
***************************

Description:

Failed to configure a DataSource: 'url' attribute is not specified and no embedded datasource could be configured.

Reason: Failed to determine a suitable driver class


Action:

Consider the following:
	If you want an embedded database (H2, HSQL or Derby), please put it on the classpath.
	If you have database settings to be loaded from a particular profile you may need to activate it (no profiles are currently active).

